[
    {
        "groupId": "com.example",
        "artifactId": "example",
        "version": "1.0.0",
        "spdxLicenses": [
            {
                "identifier": "Apache-2.0",
                "name": "Apache License 2.0",
                "url": "https://www.apache.org/licenses/LICENSE-2.0"
            }
        ]
    }
]
