com.example:example-a:1.0.0
 - SPDX identifier 'Apache-2.0' allowed
com.example:example-c:1.0.0
 - SPDX identifier 'Apache-2.0' allowed
