[
    {
        "groupId": "com.example",
        "artifactId": "example-a",
        "version": "1.0.0",
        "spdxLicenses": [
            {
                "identifier": "Apache-2.0",
                "name": "Apache License 2.0",
                "url": "https://www.apache.org/licenses/LICENSE-2.0"
            }
        ]
    },
    {
        "groupId": "com.example",
        "artifactId": "example-d",
        "version": "1.0.0",
        "spdxLicenses": [
            {
                "identifier": "Apache-2.0",
                "name": "Apache License 2.0",
                "url": "https://www.apache.org/licenses/LICENSE-2.0"
            }
        ]
    },
    {
        "groupId": "org.jetbrains.kotlin",
        "artifactId": "kotlin-stdlib",
        "version": "2.0.10",
        "name": "Kotlin Stdlib",
        "spdxLicenses": [
            {
                "identifier": "Apache-2.0",
                "name": "Apache License 2.0",
                "url": "https://www.apache.org/licenses/LICENSE-2.0"
            }
        ],
        "scm": {
            "url": "https://github.com/JetBrains/kotlin"
        }
    }
]
