com.example:example-a:1.0.0
 - SPDX identifier 'Apache-2.0' allowed
com.example:example-c:1.0.0
 - SPDX identifier 'Apache-2.0' allowed
org.jetbrains:annotations:13.0
 - SPDX identifier 'Apache-2.0' allowed
org.jetbrains.kotlin:kotlin-stdlib:2.0.0
 - SPDX identifier 'Apache-2.0' allowed
