[
    {
        "groupId": "com.example",
        "artifactId": "example",
        "version": "1.0.0",
        "spdxLicenses": [
            {
                "identifier": "Apache-2.0",
                "name": "Apache License 2.0",
                "url": "https://www.apache.org/licenses/LICENSE-2.0"
            }
        ]
    },
    {
        "groupId": "org.jetbrains.kotlin",
        "artifactId": "kotlin-dom-api-compat",
        "version": "1.9.0",
        "name": "Kotlin Dom Api Compat",
        "spdxLicenses": [
            {
                "identifier": "Apache-2.0",
                "name": "Apache License 2.0",
                "url": "https://www.apache.org/licenses/LICENSE-2.0"
            }
        ],
        "scm": {
            "url": "https://github.com/JetBrains/kotlin"
        }
    },
    {
        "groupId": "org.jetbrains.kotlin",
        "artifactId": "kotlin-stdlib-common",
        "version": "1.9.0",
        "name": "Kotlin Stdlib Common",
        "spdxLicenses": [
            {
                "identifier": "Apache-2.0",
                "name": "Apache License 2.0",
                "url": "https://www.apache.org/licenses/LICENSE-2.0"
            }
        ],
        "scm": {
            "url": "https://github.com/JetBrains/kotlin"
        }
    },
    {
        "groupId": "org.jetbrains.kotlin",
        "artifactId": "kotlin-stdlib-js",
        "version": "1.9.0",
        "name": "Kotlin Stdlib Js",
        "spdxLicenses": [
            {
                "identifier": "Apache-2.0",
                "name": "Apache License 2.0",
                "url": "https://www.apache.org/licenses/LICENSE-2.0"
            }
        ],
        "scm": {
            "url": "https://github.com/JetBrains/kotlin"
        }
    }
]
