[
    {
        "groupId": "com.example",
        "artifactId": "example",
        "version": "1.0.0",
        "name": "Android Emoji Compat",
        "spdxLicenses": [
            {
                "identifier": "Apache-2.0",
                "name": "Apache License 2.0",
                "url": "https://www.apache.org/licenses/LICENSE-2.0"
            },
            {
                "identifier": "OFL-1.1-no-RFN",
                "name": "SIL Open Font License 1.1 with no Reserved Font Name",
                "url": "https://scripts.sil.org/cms/scripts/page.php?item_id=OFL_web"
            },
            {
                "identifier": "OFL-1.1-RFN",
                "name": "SIL Open Font License 1.1 with Reserved Font Name",
                "url": "https://scripts.sil.org/cms/scripts/page.php?item_id=OFL_web"
            },
            {
                "identifier": "OFL-1.1",
                "name": "SIL Open Font License 1.1",
                "url": "https://scripts.sil.org/cms/scripts/page.php?item_id=OFL_web"
            }
        ],
        "unknownLicenses": [
            {
                "name": "Unicode, Inc. License",
                "url": "http://www.unicode.org/copyright.html#License"
            }
        ],
        "scm": {
            "url": "http://source.android.com"
        }
    }
]
