com.example:example-a:1.0.0
 - SPDX identifier 'Apache-2.0' allowed
org.jetbrains:annotations:13.0
 - SPDX identifier 'Apache-2.0' allowed
org.jetbrains.kotlin:kotlin-stdlib:1.9.24
 - SPDX identifier 'Apache-2.0' allowed
