WARNING: Allowed license URL 'https://example.com/license2' is unused

com.example:example:1.0.0
 - Unknown license URL 'https://example.com/license' allowed
